// Jest Snapshot v1, https://goo.gl/fbAQLP

exports[`<Layout /> Should render Layout 1`] = `
<div
  className="Layout"
>
  <withRouter(Header)
    searchHandler={[Function]}
  />
  <MainStageRouter
    characterCount={0}
    characters={Array []}
    favAddRemoveHandler={[Function]}
    pageCount={0}
    searchBoxValue=""
  />
</div>
`;
