// Jest Snapshot v1, https://goo.gl/fbAQLP

exports[`<Paginator /> Should render Paginator 1`] = `
<paginator>
  <nav
    aria-label="Page navigation"
  >
    <ul
      className="pagination"
      style={
        Object {
          "opacity": 0.5,
        }
      }
    >
      <li>
        <a
          aria-label="Previous"
          onClick={[Function]}
        >
          <span
            aria-hidden="true"
          >
            «
          </span>
        </a>
      </li>
      <li>
        <a
          onClick={[Function]}
        />
      </li>
      <li>
        <a
          onClick={[Function]}
        />
      </li>
      <li>
        <a
          onClick={[Function]}
        />
      </li>
      <li>
        <a
          onClick={[Function]}
        />
      </li>
      <li>
        <a
          onClick={[Function]}
        />
      </li>
      <li>
        <a
          aria-label="Next"
          onClick={[Function]}
        >
          <span
            aria-hidden="true"
          >
            »
          </span>
        </a>
      </li>
    </ul>
  </nav>
</paginator>
`;
